// Vitest Snapshot v1, https://vitest.dev/guide/snapshot.html

exports[`HelloWorld.vue > matches snapshot 1`] = `
"<div class="greetings">
  <h1 class="green">Good evening, </h1>
  <h3> You've successfully created a project with <a href="https://vite.dev/" target="_blank" rel="noopener">Vite</a> + <a href="https://vuejs.org/" target="_blank" rel="noopener">Vue 3</a>. </h3>
</div>"
`;
